
> sms@0.1.0 dev
> next dev --turbopack

node.exe :  ΓÜá Port 3000 is in use by an unknown process, using 
available port 3001 instead.
At line:1 char:1
+ & "C:\Program Files\nodejs/node.exe" "C:\Program Files\nodejs/node_mo 
...
+ ~~~~~~~~~~~~~~~~~~~~~~~~~~~~~~~~~~~~~~~~~~~~~~~~~~~~~~~~~~~~~~~~~~~~~
    + CategoryInfo          : NotSpecified: ( ΓÜá Port 3000 ...t 3001 i 
   nstead.:String) [], RemoteException
    + FullyQualifiedErrorId : NativeCommandError
 
   Γû▓ Next.js 15.4.6 (Turbopack)
   - Local:        http://localhost:3001
   - Network:      http://10.172.39.26:3001
   - Environments: .env.local

 Γ£ô Starting...
